

================================================================
== Synthesis Summary Report of 'DNN'
================================================================
+ General Information: 
    * Date:           Fri Jun  2 02:54:35 2023
    * Version:        2021.1 (Build 3247384 on Thu Jun 10 19:36:33 MDT 2021)
    * Project:        DNN
    * Solution:       solution1 (Vivado IP Flow Target)
    * Product family: zynq
    * Target device:  xc7z020-clg400-1
    

+ Performance & Resource Estimates: 
    
    PS: '+' for module; 'o' for loop; '*' for dataflow
    +----------------------------------------------------------------------------+------+-------+---------+-----------+----------+---------+------+----------+----------+----------+-------------+-------------+-----+
    |                                   Modules                                  | Issue|       | Latency |  Latency  | Iteration|         | Trip |          |          |          |             |             |     |
    |                                   & Loops                                  | Type | Slack | (cycles)|    (ns)   |  Latency | Interval| Count| Pipelined|   BRAM   |    DSP   |      FF     |     LUT     | URAM|
    +----------------------------------------------------------------------------+------+-------+---------+-----------+----------+---------+------+----------+----------+----------+-------------+-------------+-----+
    |+ DNN                                                                       |     -|   0.60|      753|  2.259e+04|         -|      754|     -|        no|  40 (14%)|  87 (39%)|  16687 (15%)|  20667 (38%)|    -|
    | + grp_DNN_Pipeline_1_fu_729                                                |     -|  17.16|       66|  1.980e+03|         -|       66|     -|        no|         -|         -|      9 (~0%)|     52 (~0%)|    -|
    |  o Loop 1                                                                  |     -|  21.90|       64|  1.920e+03|         1|        1|    64|       yes|         -|         -|            -|            -|    -|
    | + grp_DNN_Pipeline_2_fu_735                                                |     -|  18.21|       18|    540.000|         -|       18|     -|        no|         -|         -|      7 (~0%)|     50 (~0%)|    -|
    |  o Loop 1                                                                  |     -|  21.90|       16|    480.000|         1|        1|    16|       yes|         -|         -|            -|            -|    -|
    | + grp_DNN_Pipeline_3_fu_741                                                |     -|  17.16|       66|  1.980e+03|         -|       66|     -|        no|         -|         -|      9 (~0%)|     52 (~0%)|    -|
    |  o Loop 1                                                                  |     -|  21.90|       64|  1.920e+03|         1|        1|    64|       yes|         -|         -|            -|            -|    -|
    | + grp_DNN_Pipeline_4_fu_747                                                |     -|  18.21|       18|    540.000|         -|       18|     -|        no|         -|         -|      7 (~0%)|     50 (~0%)|    -|
    |  o Loop 1                                                                  |     -|  21.90|       16|    480.000|         1|        1|    16|       yes|         -|         -|            -|            -|    -|
    | + grp_DNN_Pipeline_5_fu_753                                                |     -|  18.21|       18|    540.000|         -|       18|     -|        no|         -|         -|      7 (~0%)|     50 (~0%)|    -|
    |  o Loop 1                                                                  |     -|  21.90|       16|    480.000|         1|        1|    16|       yes|         -|         -|            -|            -|    -|
    | + grp_DNN_Pipeline_6_fu_759                                                |     -|  18.28|       14|    420.000|         -|       14|     -|        no|         -|         -|      6 (~0%)|     49 (~0%)|    -|
    |  o Loop 1                                                                  |     -|  21.90|       12|    360.000|         1|        1|    12|       yes|         -|         -|            -|            -|    -|
    | + grp_DNN_Pipeline_7_fu_765                                                |     -|  18.28|       12|    360.000|         -|       12|     -|        no|         -|         -|      6 (~0%)|     49 (~0%)|    -|
    |  o Loop 1                                                                  |     -|  21.90|       10|    300.000|         1|        1|    10|       yes|         -|         -|            -|            -|    -|
    | + grp_DNN_Pipeline_8_fu_771                                                |     -|  18.28|       12|    360.000|         -|       12|     -|        no|         -|         -|      6 (~0%)|     49 (~0%)|    -|
    |  o Loop 1                                                                  |     -|  21.90|       10|    300.000|         1|        1|    10|       yes|         -|         -|            -|            -|    -|
    | + grp_DNN_Pipeline_9_fu_777                                                |     -|  17.16|      102|  3.060e+03|         -|      102|     -|        no|         -|         -|      9 (~0%)|     51 (~0%)|    -|
    |  o Loop 1                                                                  |     -|  21.90|      100|  3.000e+03|         1|        1|   100|       yes|         -|         -|            -|            -|    -|
    | + grp_DNN_Pipeline_VITIS_LOOP_18_1_VITIS_LOOP_19_2_fu_783                  |     -|  12.24|      102|  3.060e+03|         -|      102|     -|        no|         -|         -|     25 (~0%)|    182 (~0%)|    -|
    |  o VITIS_LOOP_18_1_VITIS_LOOP_19_2                                         |     -|  21.90|      100|  3.000e+03|         2|        1|   100|       yes|         -|         -|            -|            -|    -|
    | + grp_DNN_Pipeline_VITIS_LOOP_24_3_VITIS_LOOP_25_4_fu_790                  |     -|   3.08|       96|  2.880e+03|         -|       96|     -|        no|         -|         -|    1492 (1%)|     719 (1%)|    -|
    |  o VITIS_LOOP_24_3_VITIS_LOOP_25_4                                         |     -|  21.90|       94|  2.820e+03|        32|        1|    64|       yes|         -|         -|            -|            -|    -|
    | + grp_DNN_Pipeline_VITIS_LOOP_60_1_VITIS_LOOP_61_2_fu_796                  |     -|  10.41|       24|    720.000|         -|       24|     -|        no|         -|         -|    544 (~0%)|     567 (1%)|    -|
    |  o VITIS_LOOP_60_1_VITIS_LOOP_61_2                                         |     -|  21.90|       22|    660.000|         8|        1|    16|       yes|         -|         -|            -|            -|    -|
    | + grp_DNN_Pipeline_VITIS_LOOP_41_1_VITIS_LOOP_42_2_VITIS_LOOP_43_3_fu_802  |     -|   3.08|       96|  2.880e+03|         -|       96|     -|        no|         -|         -|    1561 (1%)|     710 (1%)|    -|
    |  o VITIS_LOOP_41_1_VITIS_LOOP_42_2_VITIS_LOOP_43_3                         |     -|  21.90|       94|  2.820e+03|        32|        1|    64|       yes|         -|         -|            -|            -|    -|
    | + grp_DNN_Pipeline_VITIS_LOOP_78_1_fu_826                                  |     -|  11.05|       24|    720.000|         -|       24|     -|        no|         -|         -|    445 (~0%)|    434 (~0%)|    -|
    |  o VITIS_LOOP_78_1                                                         |     -|  21.90|       22|    660.000|         8|        1|    16|       yes|         -|         -|            -|            -|    -|
    | + grp_DNN_Pipeline_VITIS_LOOP_117_1_fu_832                                 |     -|  17.26|       18|    540.000|         -|       18|     -|        no|         -|         -|     13 (~0%)|     61 (~0%)|    -|
    |  o VITIS_LOOP_117_1                                                        |     -|  21.90|       16|    480.000|         2|        1|    16|       yes|         -|         -|            -|            -|    -|
    | + grp_DNN_Pipeline_VITIS_LOOP_126_4_fu_838                                 |     -|   3.08|       69|  2.070e+03|         -|       69|     -|        no|         -|         -|    1747 (1%)|    283 (~0%)|    -|
    |  o VITIS_LOOP_126_4                                                        |     -|  21.90|       67|  2.010e+03|        53|        1|    16|       yes|         -|         -|            -|            -|    -|
    | + grp_DNN_Pipeline_VITIS_LOOP_135_6_fu_893                                 |     -|   3.08|       65|  1.950e+03|         -|       65|     -|        no|         -|         -|    1745 (1%)|    250 (~0%)|    -|
    |  o VITIS_LOOP_135_6                                                        |     -|  21.90|       63|  1.890e+03|        53|        1|    12|       yes|         -|         -|            -|            -|    -|
    | + grp_DNN_Pipeline_VITIS_LOOP_143_8_fu_948                                 |     -|   1.02|       54|  1.620e+03|         -|       54|     -|        no|         -|    7 (3%)|    1487 (1%)|    1018 (1%)|    -|
    |  o VITIS_LOOP_143_8                                                        |     -|  21.90|       52|  1.560e+03|        44|        1|    10|       yes|         -|         -|            -|            -|    -|
    | + grp_DNN_Pipeline_VITIS_LOOP_150_10_fu_991                                |     -|   0.76|       23|    690.000|         -|       23|     -|        no|         -|         -|     42 (~0%)|    101 (~0%)|    -|
    |  o VITIS_LOOP_150_10                                                       |    II|  21.90|       21|    630.000|         4|        2|    10|       yes|         -|         -|            -|            -|    -|
    | + grp_DNN_Pipeline_VITIS_LOOP_153_11_fu_997                                |     -|   0.60|       18|    540.000|         -|       18|     -|        no|         -|         -|     87 (~0%)|     92 (~0%)|    -|
    |  o VITIS_LOOP_153_11                                                       |     -|  21.90|       16|    480.000|         8|        1|    10|       yes|         -|         -|            -|            -|    -|
    | + grp_DNN_Pipeline_VITIS_LOOP_158_12_fu_1004                               |     -|  13.20|       13|    390.000|         -|       13|     -|        no|         -|         -|    146 (~0%)|    211 (~0%)|    -|
    |  o VITIS_LOOP_158_12                                                       |     -|  21.90|       11|    330.000|         3|        1|    10|       yes|         -|         -|            -|            -|    -|
    +----------------------------------------------------------------------------+------+-------+---------+-----------+----------+---------+------+----------+----------+----------+-------------+-------------+-----+


================================================================
== HW Interfaces
================================================================
* AP_MEMORY
+------------------+----------+
| Interface        | Bitwidth |
+------------------+----------+
| input_r_address0 | 7        |
| input_r_q0       | 32       |
+------------------+----------+

* REGISTER
+-----------+----------+
| Interface | Bitwidth |
+-----------+----------+
| ap_return | 32       |
+-----------+----------+

* TOP LEVEL CONTROL
+-----------+------------+-----------------------------------+
| Interface | Type       | Ports                             |
+-----------+------------+-----------------------------------+
| ap_clk    | clock      | ap_clk                            |
| ap_rst    | reset      | ap_rst                            |
| ap_ctrl   | ap_ctrl_hs | ap_done ap_idle ap_ready ap_start |
+-----------+------------+-----------------------------------+


================================================================
== SW I/O Information
================================================================
* Top Function Arguments
+----------+-----------+----------+
| Argument | Direction | Datatype |
+----------+-----------+----------+
| input    | in        | float*   |
| return   | out       | int      |
+----------+-----------+----------+

* SW-to-HW Mapping
+----------+------------------+---------+----------+
| Argument | HW Name          | HW Type | HW Usage |
+----------+------------------+---------+----------+
| input    | input_r_address0 | port    | offset   |
| input    | input_r_ce0      | port    |          |
| input    | input_r_q0       | port    |          |
| return   | ap_return        | port    |          |
+----------+------------------+---------+----------+


================================================================
== M_AXI Burst Information
================================================================

