

================================================================
== Vitis HLS Report for 'DNN_Pipeline_VITIS_LOOP_126_4'
================================================================
* Date:           Fri Jun  2 02:54:27 2023

* Version:        2021.1 (Build 3247384 on Thu Jun 10 19:36:33 MDT 2021)
* Project:        DNN
* Solution:       solution1 (Vivado IP Flow Target)
* Product family: zynq
* Target device:  xc7z020-clg400-1


================================================================
== Performance Estimates
================================================================
+ Timing: 
    * Summary: 
    +--------+----------+-----------+------------+
    |  Clock |  Target  | Estimated | Uncertainty|
    +--------+----------+-----------+------------+
    |ap_clk  |  30.00 ns|  18.815 ns|     8.10 ns|
    +--------+----------+-----------+------------+

+ Latency: 
    * Summary: 
    +---------+---------+----------+----------+-----+-----+---------+
    |  Latency (cycles) |  Latency (absolute) |  Interval | Pipeline|
    |   min   |   max   |    min   |    max   | min | max |   Type  |
    +---------+---------+----------+----------+-----+-----+---------+
    |       69|       69|  2.070 us|  2.070 us|   69|   69|       no|
    +---------+---------+----------+----------+-----+-----+---------+

    + Detail: 
        * Instance: 
        N/A

        * Loop: 
        +--------------------+---------+---------+----------+-----------+-----------+------+----------+
        |                    |  Latency (cycles) | Iteration|  Initiation Interval  | Trip |          |
        |      Loop Name     |   min   |   max   |  Latency |  achieved |   target  | Count| Pipelined|
        +--------------------+---------+---------+----------+-----------+-----------+------+----------+
        |- VITIS_LOOP_126_4  |       67|       67|        53|          1|          1|    16|       yes|
        +--------------------+---------+---------+----------+-----------+-----------+------+----------+



================================================================
== Utilization Estimates
================================================================
* Summary: 
+-----------------+---------+-----+--------+-------+-----+
|       Name      | BRAM_18K| DSP |   FF   |  LUT  | URAM|
+-----------------+---------+-----+--------+-------+-----+
|DSP              |        -|    -|       -|      -|    -|
|Expression       |        -|    -|       0|     87|    -|
|FIFO             |        -|    -|       -|      -|    -|
|Instance         |        -|    -|       -|      -|    -|
|Memory           |        0|    -|     512|    128|    -|
|Multiplexer      |        -|    -|       -|     36|    -|
|Register         |        -|    -|    1235|     32|    -|
+-----------------+---------+-----+--------+-------+-----+
|Total            |        0|    0|    1747|    283|    0|
+-----------------+---------+-----+--------+-------+-----+
|Available        |      280|  220|  106400|  53200|    0|
+-----------------+---------+-----+--------+-------+-----+
|Utilization (%)  |        0|    0|       1|     ~0|    0|
+-----------------+---------+-----+--------+-------+-----+

+ Detail: 
    * Instance: 
    N/A

    * DSP: 
    N/A

    * Memory: 
    +-----------------+---------------------------------------------+---------+----+----+-----+------+-----+------+-------------+
    |      Memory     |                    Module                   | BRAM_18K| FF | LUT| URAM| Words| Bits| Banks| W*Bits*Banks|
    +-----------------+---------------------------------------------+---------+----+----+-----+------+-----+------+-------------+
    |fc1_weight_0_U   |DNN_Pipeline_VITIS_LOOP_126_4_fc1_weight_0   |        0|  32|   8|    0|    16|   32|     1|          512|
    |fc1_weight_1_U   |DNN_Pipeline_VITIS_LOOP_126_4_fc1_weight_1   |        0|  32|   8|    0|    16|   32|     1|          512|
    |fc1_weight_10_U  |DNN_Pipeline_VITIS_LOOP_126_4_fc1_weight_10  |        0|  32|   8|    0|    16|   32|     1|          512|
    |fc1_weight_11_U  |DNN_Pipeline_VITIS_LOOP_126_4_fc1_weight_11  |        0|  32|   8|    0|    16|   32|     1|          512|
    |fc1_weight_12_U  |DNN_Pipeline_VITIS_LOOP_126_4_fc1_weight_12  |        0|  32|   8|    0|    16|   32|     1|          512|
    |fc1_weight_13_U  |DNN_Pipeline_VITIS_LOOP_126_4_fc1_weight_13  |        0|  32|   8|    0|    16|   32|     1|          512|
    |fc1_weight_14_U  |DNN_Pipeline_VITIS_LOOP_126_4_fc1_weight_14  |        0|  32|   8|    0|    16|   32|     1|          512|
    |fc1_weight_15_U  |DNN_Pipeline_VITIS_LOOP_126_4_fc1_weight_15  |        0|  32|   8|    0|    16|   32|     1|          512|
    |fc1_weight_2_U   |DNN_Pipeline_VITIS_LOOP_126_4_fc1_weight_2   |        0|  32|   8|    0|    16|   32|     1|          512|
    |fc1_weight_3_U   |DNN_Pipeline_VITIS_LOOP_126_4_fc1_weight_3   |        0|  32|   8|    0|    16|   32|     1|          512|
    |fc1_weight_4_U   |DNN_Pipeline_VITIS_LOOP_126_4_fc1_weight_4   |        0|  32|   8|    0|    16|   32|     1|          512|
    |fc1_weight_5_U   |DNN_Pipeline_VITIS_LOOP_126_4_fc1_weight_5   |        0|  32|   8|    0|    16|   32|     1|          512|
    |fc1_weight_6_U   |DNN_Pipeline_VITIS_LOOP_126_4_fc1_weight_6   |        0|  32|   8|    0|    16|   32|     1|          512|
    |fc1_weight_7_U   |DNN_Pipeline_VITIS_LOOP_126_4_fc1_weight_7   |        0|  32|   8|    0|    16|   32|     1|          512|
    |fc1_weight_8_U   |DNN_Pipeline_VITIS_LOOP_126_4_fc1_weight_8   |        0|  32|   8|    0|    16|   32|     1|          512|
    |fc1_weight_9_U   |DNN_Pipeline_VITIS_LOOP_126_4_fc1_weight_9   |        0|  32|   8|    0|    16|   32|     1|          512|
    +-----------------+---------------------------------------------+---------+----+----+-----+------+-----+------+-------------+
    |Total            |                                             |        0| 512| 128|    0|   256|  512|    16|         8192|
    +-----------------+---------------------------------------------+---------+----+----+-----+------+-----+------+-------------+

    * FIFO: 
    N/A

    * Expression: 
    +----------------------+----------+----+---+----+------------+------------+
    |     Variable Name    | Operation| DSP| FF| LUT| Bitwidth P0| Bitwidth P1|
    +----------------------+----------+----+---+----+------------+------------+
    |add_ln126_fu_591_p2   |         +|   0|  0|  13|           5|           1|
    |and_ln7_fu_642_p2     |       and|   0|  0|   2|           1|           1|
    |icmp_ln126_fu_585_p2  |      icmp|   0|  0|  10|           5|           6|
    |icmp_ln7_3_fu_630_p2  |      icmp|   0|  0|  15|          23|           1|
    |icmp_ln7_fu_624_p2    |      icmp|   0|  0|  11|           8|           2|
    |or_ln7_fu_636_p2      |        or|   0|  0|   2|           1|           1|
    |fc1_output_d0         |    select|   0|  0|  32|           1|           1|
    |ap_enable_pp0         |       xor|   0|  0|   2|           1|           2|
    +----------------------+----------+----+---+----+------------+------------+
    |Total                 |          |   0|  0|  87|          45|          15|
    +----------------------+----------+----+---+----+------------+------------+

    * Multiplexer: 
    +-------------------------+----+-----------+-----+-----------+
    |           Name          | LUT| Input Size| Bits| Total Bits|
    +-------------------------+----+-----------+-----+-----------+
    |ap_done_int              |   9|          2|    1|          2|
    |ap_enable_reg_pp0_iter1  |   9|          2|    1|          2|
    |ap_sig_allocacmp_i       |   9|          2|    5|         10|
    |i_3_fu_106               |   9|          2|    5|         10|
    +-------------------------+----+-----------+-----+-----------+
    |Total                    |  36|          8|   12|         24|
    +-------------------------+----+-----------+-----+-----------+

    * Register: 
    +-----------------------------------+----+----+-----+-----------+
    |                Name               | FF | LUT| Bits| Const Bits|
    +-----------------------------------+----+----+-----+-----------+
    |ap_CS_fsm                          |   1|   0|    1|          0|
    |ap_done_reg                        |   1|   0|    1|          0|
    |ap_enable_reg_pp0_iter1            |   1|   0|    1|          0|
    |ap_enable_reg_pp0_iter10           |   1|   0|    1|          0|
    |ap_enable_reg_pp0_iter11           |   1|   0|    1|          0|
    |ap_enable_reg_pp0_iter12           |   1|   0|    1|          0|
    |ap_enable_reg_pp0_iter13           |   1|   0|    1|          0|
    |ap_enable_reg_pp0_iter14           |   1|   0|    1|          0|
    |ap_enable_reg_pp0_iter15           |   1|   0|    1|          0|
    |ap_enable_reg_pp0_iter16           |   1|   0|    1|          0|
    |ap_enable_reg_pp0_iter17           |   1|   0|    1|          0|
    |ap_enable_reg_pp0_iter18           |   1|   0|    1|          0|
    |ap_enable_reg_pp0_iter19           |   1|   0|    1|          0|
    |ap_enable_reg_pp0_iter2            |   1|   0|    1|          0|
    |ap_enable_reg_pp0_iter20           |   1|   0|    1|          0|
    |ap_enable_reg_pp0_iter21           |   1|   0|    1|          0|
    |ap_enable_reg_pp0_iter22           |   1|   0|    1|          0|
    |ap_enable_reg_pp0_iter23           |   1|   0|    1|          0|
    |ap_enable_reg_pp0_iter24           |   1|   0|    1|          0|
    |ap_enable_reg_pp0_iter25           |   1|   0|    1|          0|
    |ap_enable_reg_pp0_iter26           |   1|   0|    1|          0|
    |ap_enable_reg_pp0_iter27           |   1|   0|    1|          0|
    |ap_enable_reg_pp0_iter28           |   1|   0|    1|          0|
    |ap_enable_reg_pp0_iter29           |   1|   0|    1|          0|
    |ap_enable_reg_pp0_iter3            |   1|   0|    1|          0|
    |ap_enable_reg_pp0_iter30           |   1|   0|    1|          0|
    |ap_enable_reg_pp0_iter31           |   1|   0|    1|          0|
    |ap_enable_reg_pp0_iter32           |   1|   0|    1|          0|
    |ap_enable_reg_pp0_iter33           |   1|   0|    1|          0|
    |ap_enable_reg_pp0_iter34           |   1|   0|    1|          0|
    |ap_enable_reg_pp0_iter35           |   1|   0|    1|          0|
    |ap_enable_reg_pp0_iter36           |   1|   0|    1|          0|
    |ap_enable_reg_pp0_iter37           |   1|   0|    1|          0|
    |ap_enable_reg_pp0_iter38           |   1|   0|    1|          0|
    |ap_enable_reg_pp0_iter39           |   1|   0|    1|          0|
    |ap_enable_reg_pp0_iter4            |   1|   0|    1|          0|
    |ap_enable_reg_pp0_iter40           |   1|   0|    1|          0|
    |ap_enable_reg_pp0_iter41           |   1|   0|    1|          0|
    |ap_enable_reg_pp0_iter42           |   1|   0|    1|          0|
    |ap_enable_reg_pp0_iter43           |   1|   0|    1|          0|
    |ap_enable_reg_pp0_iter44           |   1|   0|    1|          0|
    |ap_enable_reg_pp0_iter45           |   1|   0|    1|          0|
    |ap_enable_reg_pp0_iter46           |   1|   0|    1|          0|
    |ap_enable_reg_pp0_iter47           |   1|   0|    1|          0|
    |ap_enable_reg_pp0_iter48           |   1|   0|    1|          0|
    |ap_enable_reg_pp0_iter49           |   1|   0|    1|          0|
    |ap_enable_reg_pp0_iter5            |   1|   0|    1|          0|
    |ap_enable_reg_pp0_iter50           |   1|   0|    1|          0|
    |ap_enable_reg_pp0_iter51           |   1|   0|    1|          0|
    |ap_enable_reg_pp0_iter52           |   1|   0|    1|          0|
    |ap_enable_reg_pp0_iter6            |   1|   0|    1|          0|
    |ap_enable_reg_pp0_iter7            |   1|   0|    1|          0|
    |ap_enable_reg_pp0_iter8            |   1|   0|    1|          0|
    |ap_enable_reg_pp0_iter9            |   1|   0|    1|          0|
    |ap_loop_exit_ready_pp0_iter10_reg  |   1|   0|    1|          0|
    |ap_loop_exit_ready_pp0_iter11_reg  |   1|   0|    1|          0|
    |ap_loop_exit_ready_pp0_iter12_reg  |   1|   0|    1|          0|
    |ap_loop_exit_ready_pp0_iter13_reg  |   1|   0|    1|          0|
    |ap_loop_exit_ready_pp0_iter14_reg  |   1|   0|    1|          0|
    |ap_loop_exit_ready_pp0_iter15_reg  |   1|   0|    1|          0|
    |ap_loop_exit_ready_pp0_iter16_reg  |   1|   0|    1|          0|
    |ap_loop_exit_ready_pp0_iter17_reg  |   1|   0|    1|          0|
    |ap_loop_exit_ready_pp0_iter18_reg  |   1|   0|    1|          0|
    |ap_loop_exit_ready_pp0_iter19_reg  |   1|   0|    1|          0|
    |ap_loop_exit_ready_pp0_iter1_reg   |   1|   0|    1|          0|
    |ap_loop_exit_ready_pp0_iter20_reg  |   1|   0|    1|          0|
    |ap_loop_exit_ready_pp0_iter21_reg  |   1|   0|    1|          0|
    |ap_loop_exit_ready_pp0_iter22_reg  |   1|   0|    1|          0|
    |ap_loop_exit_ready_pp0_iter23_reg  |   1|   0|    1|          0|
    |ap_loop_exit_ready_pp0_iter24_reg  |   1|   0|    1|          0|
    |ap_loop_exit_ready_pp0_iter25_reg  |   1|   0|    1|          0|
    |ap_loop_exit_ready_pp0_iter26_reg  |   1|   0|    1|          0|
    |ap_loop_exit_ready_pp0_iter27_reg  |   1|   0|    1|          0|
    |ap_loop_exit_ready_pp0_iter28_reg  |   1|   0|    1|          0|
    |ap_loop_exit_ready_pp0_iter29_reg  |   1|   0|    1|          0|
    |ap_loop_exit_ready_pp0_iter2_reg   |   1|   0|    1|          0|
    |ap_loop_exit_ready_pp0_iter30_reg  |   1|   0|    1|          0|
    |ap_loop_exit_ready_pp0_iter31_reg  |   1|   0|    1|          0|
    |ap_loop_exit_ready_pp0_iter32_reg  |   1|   0|    1|          0|
    |ap_loop_exit_ready_pp0_iter33_reg  |   1|   0|    1|          0|
    |ap_loop_exit_ready_pp0_iter34_reg  |   1|   0|    1|          0|
    |ap_loop_exit_ready_pp0_iter35_reg  |   1|   0|    1|          0|
    |ap_loop_exit_ready_pp0_iter36_reg  |   1|   0|    1|          0|
    |ap_loop_exit_ready_pp0_iter37_reg  |   1|   0|    1|          0|
    |ap_loop_exit_ready_pp0_iter38_reg  |   1|   0|    1|          0|
    |ap_loop_exit_ready_pp0_iter39_reg  |   1|   0|    1|          0|
    |ap_loop_exit_ready_pp0_iter3_reg   |   1|   0|    1|          0|
    |ap_loop_exit_ready_pp0_iter40_reg  |   1|   0|    1|          0|
    |ap_loop_exit_ready_pp0_iter41_reg  |   1|   0|    1|          0|
    |ap_loop_exit_ready_pp0_iter42_reg  |   1|   0|    1|          0|
    |ap_loop_exit_ready_pp0_iter43_reg  |   1|   0|    1|          0|
    |ap_loop_exit_ready_pp0_iter44_reg  |   1|   0|    1|          0|
    |ap_loop_exit_ready_pp0_iter45_reg  |   1|   0|    1|          0|
    |ap_loop_exit_ready_pp0_iter46_reg  |   1|   0|    1|          0|
    |ap_loop_exit_ready_pp0_iter47_reg  |   1|   0|    1|          0|
    |ap_loop_exit_ready_pp0_iter48_reg  |   1|   0|    1|          0|
    |ap_loop_exit_ready_pp0_iter49_reg  |   1|   0|    1|          0|
    |ap_loop_exit_ready_pp0_iter4_reg   |   1|   0|    1|          0|
    |ap_loop_exit_ready_pp0_iter50_reg  |   1|   0|    1|          0|
    |ap_loop_exit_ready_pp0_iter51_reg  |   1|   0|    1|          0|
    |ap_loop_exit_ready_pp0_iter5_reg   |   1|   0|    1|          0|
    |ap_loop_exit_ready_pp0_iter6_reg   |   1|   0|    1|          0|
    |ap_loop_exit_ready_pp0_iter7_reg   |   1|   0|    1|          0|
    |ap_loop_exit_ready_pp0_iter8_reg   |   1|   0|    1|          0|
    |ap_loop_exit_ready_pp0_iter9_reg   |   1|   0|    1|          0|
    |i_3_cast_reg_747                   |   5|   0|   64|         59|
    |i_3_fu_106                         |   5|   0|    5|          0|
    |mul_10_reg_997                     |  32|   0|   32|          0|
    |mul_11_reg_1017                    |  32|   0|   32|          0|
    |mul_12_reg_1037                    |  32|   0|   32|          0|
    |mul_13_reg_1057                    |  32|   0|   32|          0|
    |mul_14_reg_1077                    |  32|   0|   32|          0|
    |mul_1_reg_797                      |  32|   0|   32|          0|
    |mul_2_reg_817                      |  32|   0|   32|          0|
    |mul_3_reg_837                      |  32|   0|   32|          0|
    |mul_4_reg_857                      |  32|   0|   32|          0|
    |mul_5_reg_877                      |  32|   0|   32|          0|
    |mul_6_reg_897                      |  32|   0|   32|          0|
    |mul_7_reg_917                      |  32|   0|   32|          0|
    |mul_8_reg_937                      |  32|   0|   32|          0|
    |mul_9_reg_957                      |  32|   0|   32|          0|
    |mul_reg_777                        |  32|   0|   32|          0|
    |mul_s_reg_977                      |  32|   0|   32|          0|
    |sum_5_10_reg_1012                  |  32|   0|   32|          0|
    |sum_5_11_reg_1032                  |  32|   0|   32|          0|
    |sum_5_12_reg_1052                  |  32|   0|   32|          0|
    |sum_5_13_reg_1072                  |  32|   0|   32|          0|
    |sum_5_14_reg_1082                  |  32|   0|   32|          0|
    |sum_5_14_reg_1082_pp0_iter51_reg   |  32|   0|   32|          0|
    |sum_5_1_reg_812                    |  32|   0|   32|          0|
    |sum_5_2_reg_832                    |  32|   0|   32|          0|
    |sum_5_3_reg_852                    |  32|   0|   32|          0|
    |sum_5_4_reg_872                    |  32|   0|   32|          0|
    |sum_5_5_reg_892                    |  32|   0|   32|          0|
    |sum_5_6_reg_912                    |  32|   0|   32|          0|
    |sum_5_7_reg_932                    |  32|   0|   32|          0|
    |sum_5_8_reg_952                    |  32|   0|   32|          0|
    |sum_5_9_reg_972                    |  32|   0|   32|          0|
    |sum_5_reg_792                      |  32|   0|   32|          0|
    |sum_5_s_reg_992                    |  32|   0|   32|          0|
    |i_3_cast_reg_747                   |  64|  32|   64|         59|
    +-----------------------------------+----+----+-----+-----------+
    |Total                              |1235|  32| 1294|        118|
    +-----------------------------------+----+----+-----+-----------+



================================================================
== Interface
================================================================
* Summary: 
+------------------------+-----+-----+------------+-------------------------------+--------------+
|        RTL Ports       | Dir | Bits|  Protocol  |         Source Object         |    C Type    |
+------------------------+-----+-----+------------+-------------------------------+--------------+
|ap_clk                  |   in|    1|  ap_ctrl_hs|  DNN_Pipeline_VITIS_LOOP_126_4|  return value|
|ap_rst                  |   in|    1|  ap_ctrl_hs|  DNN_Pipeline_VITIS_LOOP_126_4|  return value|
|ap_start                |   in|    1|  ap_ctrl_hs|  DNN_Pipeline_VITIS_LOOP_126_4|  return value|
|ap_done                 |  out|    1|  ap_ctrl_hs|  DNN_Pipeline_VITIS_LOOP_126_4|  return value|
|ap_idle                 |  out|    1|  ap_ctrl_hs|  DNN_Pipeline_VITIS_LOOP_126_4|  return value|
|ap_ready                |  out|    1|  ap_ctrl_hs|  DNN_Pipeline_VITIS_LOOP_126_4|  return value|
|grp_fu_1472_p_din0      |  out|   32|  ap_ctrl_hs|  DNN_Pipeline_VITIS_LOOP_126_4|  return value|
|grp_fu_1472_p_din1      |  out|   32|  ap_ctrl_hs|  DNN_Pipeline_VITIS_LOOP_126_4|  return value|
|grp_fu_1472_p_opcode    |  out|    2|  ap_ctrl_hs|  DNN_Pipeline_VITIS_LOOP_126_4|  return value|
|grp_fu_1472_p_dout0     |   in|   32|  ap_ctrl_hs|  DNN_Pipeline_VITIS_LOOP_126_4|  return value|
|grp_fu_1472_p_ce        |  out|    1|  ap_ctrl_hs|  DNN_Pipeline_VITIS_LOOP_126_4|  return value|
|grp_fu_1476_p_din0      |  out|   32|  ap_ctrl_hs|  DNN_Pipeline_VITIS_LOOP_126_4|  return value|
|grp_fu_1476_p_din1      |  out|   32|  ap_ctrl_hs|  DNN_Pipeline_VITIS_LOOP_126_4|  return value|
|grp_fu_1476_p_opcode    |  out|    2|  ap_ctrl_hs|  DNN_Pipeline_VITIS_LOOP_126_4|  return value|
|grp_fu_1476_p_dout0     |   in|   32|  ap_ctrl_hs|  DNN_Pipeline_VITIS_LOOP_126_4|  return value|
|grp_fu_1476_p_ce        |  out|    1|  ap_ctrl_hs|  DNN_Pipeline_VITIS_LOOP_126_4|  return value|
|grp_fu_1480_p_din0      |  out|   32|  ap_ctrl_hs|  DNN_Pipeline_VITIS_LOOP_126_4|  return value|
|grp_fu_1480_p_din1      |  out|   32|  ap_ctrl_hs|  DNN_Pipeline_VITIS_LOOP_126_4|  return value|
|grp_fu_1480_p_opcode    |  out|    2|  ap_ctrl_hs|  DNN_Pipeline_VITIS_LOOP_126_4|  return value|
|grp_fu_1480_p_dout0     |   in|   32|  ap_ctrl_hs|  DNN_Pipeline_VITIS_LOOP_126_4|  return value|
|grp_fu_1480_p_ce        |  out|    1|  ap_ctrl_hs|  DNN_Pipeline_VITIS_LOOP_126_4|  return value|
|grp_fu_1484_p_din0      |  out|   32|  ap_ctrl_hs|  DNN_Pipeline_VITIS_LOOP_126_4|  return value|
|grp_fu_1484_p_din1      |  out|   32|  ap_ctrl_hs|  DNN_Pipeline_VITIS_LOOP_126_4|  return value|
|grp_fu_1484_p_opcode    |  out|    2|  ap_ctrl_hs|  DNN_Pipeline_VITIS_LOOP_126_4|  return value|
|grp_fu_1484_p_dout0     |   in|   32|  ap_ctrl_hs|  DNN_Pipeline_VITIS_LOOP_126_4|  return value|
|grp_fu_1484_p_ce        |  out|    1|  ap_ctrl_hs|  DNN_Pipeline_VITIS_LOOP_126_4|  return value|
|grp_fu_1488_p_din0      |  out|   32|  ap_ctrl_hs|  DNN_Pipeline_VITIS_LOOP_126_4|  return value|
|grp_fu_1488_p_din1      |  out|   32|  ap_ctrl_hs|  DNN_Pipeline_VITIS_LOOP_126_4|  return value|
|grp_fu_1488_p_opcode    |  out|    2|  ap_ctrl_hs|  DNN_Pipeline_VITIS_LOOP_126_4|  return value|
|grp_fu_1488_p_dout0     |   in|   32|  ap_ctrl_hs|  DNN_Pipeline_VITIS_LOOP_126_4|  return value|
|grp_fu_1488_p_ce        |  out|    1|  ap_ctrl_hs|  DNN_Pipeline_VITIS_LOOP_126_4|  return value|
|grp_fu_1492_p_din0      |  out|   32|  ap_ctrl_hs|  DNN_Pipeline_VITIS_LOOP_126_4|  return value|
|grp_fu_1492_p_din1      |  out|   32|  ap_ctrl_hs|  DNN_Pipeline_VITIS_LOOP_126_4|  return value|
|grp_fu_1492_p_opcode    |  out|    2|  ap_ctrl_hs|  DNN_Pipeline_VITIS_LOOP_126_4|  return value|
|grp_fu_1492_p_dout0     |   in|   32|  ap_ctrl_hs|  DNN_Pipeline_VITIS_LOOP_126_4|  return value|
|grp_fu_1492_p_ce        |  out|    1|  ap_ctrl_hs|  DNN_Pipeline_VITIS_LOOP_126_4|  return value|
|grp_fu_1496_p_din0      |  out|   32|  ap_ctrl_hs|  DNN_Pipeline_VITIS_LOOP_126_4|  return value|
|grp_fu_1496_p_din1      |  out|   32|  ap_ctrl_hs|  DNN_Pipeline_VITIS_LOOP_126_4|  return value|
|grp_fu_1496_p_opcode    |  out|    2|  ap_ctrl_hs|  DNN_Pipeline_VITIS_LOOP_126_4|  return value|
|grp_fu_1496_p_dout0     |   in|   32|  ap_ctrl_hs|  DNN_Pipeline_VITIS_LOOP_126_4|  return value|
|grp_fu_1496_p_ce        |  out|    1|  ap_ctrl_hs|  DNN_Pipeline_VITIS_LOOP_126_4|  return value|
|grp_fu_1500_p_din0      |  out|   32|  ap_ctrl_hs|  DNN_Pipeline_VITIS_LOOP_126_4|  return value|
|grp_fu_1500_p_din1      |  out|   32|  ap_ctrl_hs|  DNN_Pipeline_VITIS_LOOP_126_4|  return value|
|grp_fu_1500_p_opcode    |  out|    2|  ap_ctrl_hs|  DNN_Pipeline_VITIS_LOOP_126_4|  return value|
|grp_fu_1500_p_dout0     |   in|   32|  ap_ctrl_hs|  DNN_Pipeline_VITIS_LOOP_126_4|  return value|
|grp_fu_1500_p_ce        |  out|    1|  ap_ctrl_hs|  DNN_Pipeline_VITIS_LOOP_126_4|  return value|
|grp_fu_1504_p_din0      |  out|   32|  ap_ctrl_hs|  DNN_Pipeline_VITIS_LOOP_126_4|  return value|
|grp_fu_1504_p_din1      |  out|   32|  ap_ctrl_hs|  DNN_Pipeline_VITIS_LOOP_126_4|  return value|
|grp_fu_1504_p_opcode    |  out|    2|  ap_ctrl_hs|  DNN_Pipeline_VITIS_LOOP_126_4|  return value|
|grp_fu_1504_p_dout0     |   in|   32|  ap_ctrl_hs|  DNN_Pipeline_VITIS_LOOP_126_4|  return value|
|grp_fu_1504_p_ce        |  out|    1|  ap_ctrl_hs|  DNN_Pipeline_VITIS_LOOP_126_4|  return value|
|grp_fu_1556_p_din0      |  out|   32|  ap_ctrl_hs|  DNN_Pipeline_VITIS_LOOP_126_4|  return value|
|grp_fu_1556_p_din1      |  out|   32|  ap_ctrl_hs|  DNN_Pipeline_VITIS_LOOP_126_4|  return value|
|grp_fu_1556_p_opcode    |  out|    2|  ap_ctrl_hs|  DNN_Pipeline_VITIS_LOOP_126_4|  return value|
|grp_fu_1556_p_dout0     |   in|   32|  ap_ctrl_hs|  DNN_Pipeline_VITIS_LOOP_126_4|  return value|
|grp_fu_1556_p_ce        |  out|    1|  ap_ctrl_hs|  DNN_Pipeline_VITIS_LOOP_126_4|  return value|
|grp_fu_1560_p_din0      |  out|   32|  ap_ctrl_hs|  DNN_Pipeline_VITIS_LOOP_126_4|  return value|
|grp_fu_1560_p_din1      |  out|   32|  ap_ctrl_hs|  DNN_Pipeline_VITIS_LOOP_126_4|  return value|
|grp_fu_1560_p_opcode    |  out|    2|  ap_ctrl_hs|  DNN_Pipeline_VITIS_LOOP_126_4|  return value|
|grp_fu_1560_p_dout0     |   in|   32|  ap_ctrl_hs|  DNN_Pipeline_VITIS_LOOP_126_4|  return value|
|grp_fu_1560_p_ce        |  out|    1|  ap_ctrl_hs|  DNN_Pipeline_VITIS_LOOP_126_4|  return value|
|grp_fu_1564_p_din0      |  out|   32|  ap_ctrl_hs|  DNN_Pipeline_VITIS_LOOP_126_4|  return value|
|grp_fu_1564_p_din1      |  out|   32|  ap_ctrl_hs|  DNN_Pipeline_VITIS_LOOP_126_4|  return value|
|grp_fu_1564_p_opcode    |  out|    2|  ap_ctrl_hs|  DNN_Pipeline_VITIS_LOOP_126_4|  return value|
|grp_fu_1564_p_dout0     |   in|   32|  ap_ctrl_hs|  DNN_Pipeline_VITIS_LOOP_126_4|  return value|
|grp_fu_1564_p_ce        |  out|    1|  ap_ctrl_hs|  DNN_Pipeline_VITIS_LOOP_126_4|  return value|
|grp_fu_1568_p_din0      |  out|   32|  ap_ctrl_hs|  DNN_Pipeline_VITIS_LOOP_126_4|  return value|
|grp_fu_1568_p_din1      |  out|   32|  ap_ctrl_hs|  DNN_Pipeline_VITIS_LOOP_126_4|  return value|
|grp_fu_1568_p_opcode    |  out|    2|  ap_ctrl_hs|  DNN_Pipeline_VITIS_LOOP_126_4|  return value|
|grp_fu_1568_p_dout0     |   in|   32|  ap_ctrl_hs|  DNN_Pipeline_VITIS_LOOP_126_4|  return value|
|grp_fu_1568_p_ce        |  out|    1|  ap_ctrl_hs|  DNN_Pipeline_VITIS_LOOP_126_4|  return value|
|grp_fu_1572_p_din0      |  out|   32|  ap_ctrl_hs|  DNN_Pipeline_VITIS_LOOP_126_4|  return value|
|grp_fu_1572_p_din1      |  out|   32|  ap_ctrl_hs|  DNN_Pipeline_VITIS_LOOP_126_4|  return value|
|grp_fu_1572_p_opcode    |  out|    2|  ap_ctrl_hs|  DNN_Pipeline_VITIS_LOOP_126_4|  return value|
|grp_fu_1572_p_dout0     |   in|   32|  ap_ctrl_hs|  DNN_Pipeline_VITIS_LOOP_126_4|  return value|
|grp_fu_1572_p_ce        |  out|    1|  ap_ctrl_hs|  DNN_Pipeline_VITIS_LOOP_126_4|  return value|
|grp_fu_1576_p_din0      |  out|   32|  ap_ctrl_hs|  DNN_Pipeline_VITIS_LOOP_126_4|  return value|
|grp_fu_1576_p_din1      |  out|   32|  ap_ctrl_hs|  DNN_Pipeline_VITIS_LOOP_126_4|  return value|
|grp_fu_1576_p_opcode    |  out|    2|  ap_ctrl_hs|  DNN_Pipeline_VITIS_LOOP_126_4|  return value|
|grp_fu_1576_p_dout0     |   in|   32|  ap_ctrl_hs|  DNN_Pipeline_VITIS_LOOP_126_4|  return value|
|grp_fu_1576_p_ce        |  out|    1|  ap_ctrl_hs|  DNN_Pipeline_VITIS_LOOP_126_4|  return value|
|grp_fu_1580_p_din0      |  out|   32|  ap_ctrl_hs|  DNN_Pipeline_VITIS_LOOP_126_4|  return value|
|grp_fu_1580_p_din1      |  out|   32|  ap_ctrl_hs|  DNN_Pipeline_VITIS_LOOP_126_4|  return value|
|grp_fu_1580_p_opcode    |  out|    2|  ap_ctrl_hs|  DNN_Pipeline_VITIS_LOOP_126_4|  return value|
|grp_fu_1580_p_dout0     |   in|   32|  ap_ctrl_hs|  DNN_Pipeline_VITIS_LOOP_126_4|  return value|
|grp_fu_1580_p_ce        |  out|    1|  ap_ctrl_hs|  DNN_Pipeline_VITIS_LOOP_126_4|  return value|
|grp_fu_1508_p_din0      |  out|   32|  ap_ctrl_hs|  DNN_Pipeline_VITIS_LOOP_126_4|  return value|
|grp_fu_1508_p_din1      |  out|   32|  ap_ctrl_hs|  DNN_Pipeline_VITIS_LOOP_126_4|  return value|
|grp_fu_1508_p_dout0     |   in|   32|  ap_ctrl_hs|  DNN_Pipeline_VITIS_LOOP_126_4|  return value|
|grp_fu_1508_p_ce        |  out|    1|  ap_ctrl_hs|  DNN_Pipeline_VITIS_LOOP_126_4|  return value|
|grp_fu_1512_p_din0      |  out|   32|  ap_ctrl_hs|  DNN_Pipeline_VITIS_LOOP_126_4|  return value|
|grp_fu_1512_p_din1      |  out|   32|  ap_ctrl_hs|  DNN_Pipeline_VITIS_LOOP_126_4|  return value|
|grp_fu_1512_p_dout0     |   in|   32|  ap_ctrl_hs|  DNN_Pipeline_VITIS_LOOP_126_4|  return value|
|grp_fu_1512_p_ce        |  out|    1|  ap_ctrl_hs|  DNN_Pipeline_VITIS_LOOP_126_4|  return value|
|grp_fu_1516_p_din0      |  out|   32|  ap_ctrl_hs|  DNN_Pipeline_VITIS_LOOP_126_4|  return value|
|grp_fu_1516_p_din1      |  out|   32|  ap_ctrl_hs|  DNN_Pipeline_VITIS_LOOP_126_4|  return value|
|grp_fu_1516_p_dout0     |   in|   32|  ap_ctrl_hs|  DNN_Pipeline_VITIS_LOOP_126_4|  return value|
|grp_fu_1516_p_ce        |  out|    1|  ap_ctrl_hs|  DNN_Pipeline_VITIS_LOOP_126_4|  return value|
|grp_fu_1520_p_din0      |  out|   32|  ap_ctrl_hs|  DNN_Pipeline_VITIS_LOOP_126_4|  return value|
|grp_fu_1520_p_din1      |  out|   32|  ap_ctrl_hs|  DNN_Pipeline_VITIS_LOOP_126_4|  return value|
|grp_fu_1520_p_dout0     |   in|   32|  ap_ctrl_hs|  DNN_Pipeline_VITIS_LOOP_126_4|  return value|
|grp_fu_1520_p_ce        |  out|    1|  ap_ctrl_hs|  DNN_Pipeline_VITIS_LOOP_126_4|  return value|
|grp_fu_1524_p_din0      |  out|   32|  ap_ctrl_hs|  DNN_Pipeline_VITIS_LOOP_126_4|  return value|
|grp_fu_1524_p_din1      |  out|   32|  ap_ctrl_hs|  DNN_Pipeline_VITIS_LOOP_126_4|  return value|
|grp_fu_1524_p_dout0     |   in|   32|  ap_ctrl_hs|  DNN_Pipeline_VITIS_LOOP_126_4|  return value|
|grp_fu_1524_p_ce        |  out|    1|  ap_ctrl_hs|  DNN_Pipeline_VITIS_LOOP_126_4|  return value|
|grp_fu_1528_p_din0      |  out|   32|  ap_ctrl_hs|  DNN_Pipeline_VITIS_LOOP_126_4|  return value|
|grp_fu_1528_p_din1      |  out|   32|  ap_ctrl_hs|  DNN_Pipeline_VITIS_LOOP_126_4|  return value|
|grp_fu_1528_p_dout0     |   in|   32|  ap_ctrl_hs|  DNN_Pipeline_VITIS_LOOP_126_4|  return value|
|grp_fu_1528_p_ce        |  out|    1|  ap_ctrl_hs|  DNN_Pipeline_VITIS_LOOP_126_4|  return value|
|grp_fu_1532_p_din0      |  out|   32|  ap_ctrl_hs|  DNN_Pipeline_VITIS_LOOP_126_4|  return value|
|grp_fu_1532_p_din1      |  out|   32|  ap_ctrl_hs|  DNN_Pipeline_VITIS_LOOP_126_4|  return value|
|grp_fu_1532_p_dout0     |   in|   32|  ap_ctrl_hs|  DNN_Pipeline_VITIS_LOOP_126_4|  return value|
|grp_fu_1532_p_ce        |  out|    1|  ap_ctrl_hs|  DNN_Pipeline_VITIS_LOOP_126_4|  return value|
|grp_fu_1536_p_din0      |  out|   32|  ap_ctrl_hs|  DNN_Pipeline_VITIS_LOOP_126_4|  return value|
|grp_fu_1536_p_din1      |  out|   32|  ap_ctrl_hs|  DNN_Pipeline_VITIS_LOOP_126_4|  return value|
|grp_fu_1536_p_dout0     |   in|   32|  ap_ctrl_hs|  DNN_Pipeline_VITIS_LOOP_126_4|  return value|
|grp_fu_1536_p_ce        |  out|    1|  ap_ctrl_hs|  DNN_Pipeline_VITIS_LOOP_126_4|  return value|
|grp_fu_1540_p_din0      |  out|   32|  ap_ctrl_hs|  DNN_Pipeline_VITIS_LOOP_126_4|  return value|
|grp_fu_1540_p_din1      |  out|   32|  ap_ctrl_hs|  DNN_Pipeline_VITIS_LOOP_126_4|  return value|
|grp_fu_1540_p_dout0     |   in|   32|  ap_ctrl_hs|  DNN_Pipeline_VITIS_LOOP_126_4|  return value|
|grp_fu_1540_p_ce        |  out|    1|  ap_ctrl_hs|  DNN_Pipeline_VITIS_LOOP_126_4|  return value|
|grp_fu_1584_p_din0      |  out|   32|  ap_ctrl_hs|  DNN_Pipeline_VITIS_LOOP_126_4|  return value|
|grp_fu_1584_p_din1      |  out|   32|  ap_ctrl_hs|  DNN_Pipeline_VITIS_LOOP_126_4|  return value|
|grp_fu_1584_p_dout0     |   in|   32|  ap_ctrl_hs|  DNN_Pipeline_VITIS_LOOP_126_4|  return value|
|grp_fu_1584_p_ce        |  out|    1|  ap_ctrl_hs|  DNN_Pipeline_VITIS_LOOP_126_4|  return value|
|grp_fu_1588_p_din0      |  out|   32|  ap_ctrl_hs|  DNN_Pipeline_VITIS_LOOP_126_4|  return value|
|grp_fu_1588_p_din1      |  out|   32|  ap_ctrl_hs|  DNN_Pipeline_VITIS_LOOP_126_4|  return value|
|grp_fu_1588_p_dout0     |   in|   32|  ap_ctrl_hs|  DNN_Pipeline_VITIS_LOOP_126_4|  return value|
|grp_fu_1588_p_ce        |  out|    1|  ap_ctrl_hs|  DNN_Pipeline_VITIS_LOOP_126_4|  return value|
|grp_fu_1592_p_din0      |  out|   32|  ap_ctrl_hs|  DNN_Pipeline_VITIS_LOOP_126_4|  return value|
|grp_fu_1592_p_din1      |  out|   32|  ap_ctrl_hs|  DNN_Pipeline_VITIS_LOOP_126_4|  return value|
|grp_fu_1592_p_dout0     |   in|   32|  ap_ctrl_hs|  DNN_Pipeline_VITIS_LOOP_126_4|  return value|
|grp_fu_1592_p_ce        |  out|    1|  ap_ctrl_hs|  DNN_Pipeline_VITIS_LOOP_126_4|  return value|
|grp_fu_1596_p_din0      |  out|   32|  ap_ctrl_hs|  DNN_Pipeline_VITIS_LOOP_126_4|  return value|
|grp_fu_1596_p_din1      |  out|   32|  ap_ctrl_hs|  DNN_Pipeline_VITIS_LOOP_126_4|  return value|
|grp_fu_1596_p_dout0     |   in|   32|  ap_ctrl_hs|  DNN_Pipeline_VITIS_LOOP_126_4|  return value|
|grp_fu_1596_p_ce        |  out|    1|  ap_ctrl_hs|  DNN_Pipeline_VITIS_LOOP_126_4|  return value|
|grp_fu_1600_p_din0      |  out|   32|  ap_ctrl_hs|  DNN_Pipeline_VITIS_LOOP_126_4|  return value|
|grp_fu_1600_p_din1      |  out|   32|  ap_ctrl_hs|  DNN_Pipeline_VITIS_LOOP_126_4|  return value|
|grp_fu_1600_p_dout0     |   in|   32|  ap_ctrl_hs|  DNN_Pipeline_VITIS_LOOP_126_4|  return value|
|grp_fu_1600_p_ce        |  out|    1|  ap_ctrl_hs|  DNN_Pipeline_VITIS_LOOP_126_4|  return value|
|grp_fu_1604_p_din0      |  out|   32|  ap_ctrl_hs|  DNN_Pipeline_VITIS_LOOP_126_4|  return value|
|grp_fu_1604_p_din1      |  out|   32|  ap_ctrl_hs|  DNN_Pipeline_VITIS_LOOP_126_4|  return value|
|grp_fu_1604_p_dout0     |   in|   32|  ap_ctrl_hs|  DNN_Pipeline_VITIS_LOOP_126_4|  return value|
|grp_fu_1604_p_ce        |  out|    1|  ap_ctrl_hs|  DNN_Pipeline_VITIS_LOOP_126_4|  return value|
|grp_fu_1608_p_din0      |  out|   32|  ap_ctrl_hs|  DNN_Pipeline_VITIS_LOOP_126_4|  return value|
|grp_fu_1608_p_din1      |  out|   32|  ap_ctrl_hs|  DNN_Pipeline_VITIS_LOOP_126_4|  return value|
|grp_fu_1608_p_dout0     |   in|   32|  ap_ctrl_hs|  DNN_Pipeline_VITIS_LOOP_126_4|  return value|
|grp_fu_1608_p_ce        |  out|    1|  ap_ctrl_hs|  DNN_Pipeline_VITIS_LOOP_126_4|  return value|
|grp_fu_1544_p_din0      |  out|   32|  ap_ctrl_hs|  DNN_Pipeline_VITIS_LOOP_126_4|  return value|
|grp_fu_1544_p_din1      |  out|   32|  ap_ctrl_hs|  DNN_Pipeline_VITIS_LOOP_126_4|  return value|
|grp_fu_1544_p_opcode    |  out|    5|  ap_ctrl_hs|  DNN_Pipeline_VITIS_LOOP_126_4|  return value|
|grp_fu_1544_p_dout0     |   in|    1|  ap_ctrl_hs|  DNN_Pipeline_VITIS_LOOP_126_4|  return value|
|grp_fu_1544_p_ce        |  out|    1|  ap_ctrl_hs|  DNN_Pipeline_VITIS_LOOP_126_4|  return value|
|flatten_output_load     |   in|   32|     ap_none|            flatten_output_load|        scalar|
|flatten_output_load_1   |   in|   32|     ap_none|          flatten_output_load_1|        scalar|
|flatten_output_load_2   |   in|   32|     ap_none|          flatten_output_load_2|        scalar|
|flatten_output_load_3   |   in|   32|     ap_none|          flatten_output_load_3|        scalar|
|flatten_output_load_4   |   in|   32|     ap_none|          flatten_output_load_4|        scalar|
|flatten_output_load_5   |   in|   32|     ap_none|          flatten_output_load_5|        scalar|
|flatten_output_load_6   |   in|   32|     ap_none|          flatten_output_load_6|        scalar|
|flatten_output_load_7   |   in|   32|     ap_none|          flatten_output_load_7|        scalar|
|flatten_output_load_8   |   in|   32|     ap_none|          flatten_output_load_8|        scalar|
|flatten_output_load_9   |   in|   32|     ap_none|          flatten_output_load_9|        scalar|
|flatten_output_load_10  |   in|   32|     ap_none|         flatten_output_load_10|        scalar|
|flatten_output_load_11  |   in|   32|     ap_none|         flatten_output_load_11|        scalar|
|flatten_output_load_12  |   in|   32|     ap_none|         flatten_output_load_12|        scalar|
|flatten_output_load_13  |   in|   32|     ap_none|         flatten_output_load_13|        scalar|
|flatten_output_load_14  |   in|   32|     ap_none|         flatten_output_load_14|        scalar|
|flatten_output_load_15  |   in|   32|     ap_none|         flatten_output_load_15|        scalar|
|fc1_output_address0     |  out|    4|   ap_memory|                     fc1_output|         array|
|fc1_output_ce0          |  out|    1|   ap_memory|                     fc1_output|         array|
|fc1_output_we0          |  out|    1|   ap_memory|                     fc1_output|         array|
|fc1_output_d0           |  out|   32|   ap_memory|                     fc1_output|         array|
+------------------------+-----+-----+------------+-------------------------------+--------------+

